stm32f0xx_hal_rcc.c:227:6:HAL_RCC_DeInit	8	static
stm32f0xx_hal_rcc.c:271:19:HAL_RCC_OscConfig	32	static
stm32f0xx_hal_rcc.c:727:19:HAL_RCC_ClockConfig	24	static
stm32f0xx_hal_rcc.c:987:6:HAL_RCC_MCOConfig	48	static
stm32f0xx_hal_rcc.c:1021:6:HAL_RCC_EnableCSS	8	static
stm32f0xx_hal_rcc.c:1030:6:HAL_RCC_DisableCSS	8	static
stm32f0xx_hal_rcc.c:1066:10:HAL_RCC_GetSysClockFreq	72	static
stm32f0xx_hal_rcc.c:1141:10:HAL_RCC_GetHCLKFreq	8	static
stm32f0xx_hal_rcc.c:1152:10:HAL_RCC_GetPCLK1Freq	8	static
stm32f0xx_hal_rcc.c:1165:6:HAL_RCC_GetOscConfig	16	static
stm32f0xx_hal_rcc.c:1267:6:HAL_RCC_GetClockConfig	16	static
stm32f0xx_hal_rcc.c:1293:6:HAL_RCC_NMI_IRQHandler	8	static
stm32f0xx_hal_rcc.c:1310:13:HAL_RCC_CSSCallback	8	static
