Archive member included to satisfy reference by file (symbol)

c:/program files (x86)/atollic/truestudio for stm32 9.3.0/armtools/bin/../lib/gcc/arm-atollic-eabi/6.3.1/../../../../arm-atollic-eabi/lib/armv7-m\libc_nano.a(lib_a-init.o)
                              src\startup_stm32l152xb.o (__libc_init_array)
c:/program files (x86)/atollic/truestudio for stm32 9.3.0/armtools/bin/../lib/gcc/arm-atollic-eabi/6.3.1/../../../../arm-atollic-eabi/lib/armv7-m\libc_nano.a(lib_a-strlen.o)
                              src\tiny_printf.o (strlen)
c:/program files (x86)/atollic/truestudio for stm32 9.3.0/armtools/bin/../lib/gcc/arm-atollic-eabi/6.3.1/../../../../arm-atollic-eabi/lib/armv7-m\libnosys.a(write.o)
                              src\tiny_printf.o (_write)
c:/program files (x86)/atollic/truestudio for stm32 9.3.0/armtools/bin/../lib/gcc/arm-atollic-eabi/6.3.1/../../../../arm-atollic-eabi/lib/armv7-m\libnosys.a(errno.o)
                              c:/program files (x86)/atollic/truestudio for stm32 9.3.0/armtools/bin/../lib/gcc/arm-atollic-eabi/6.3.1/../../../../arm-atollic-eabi/lib/armv7-m\libnosys.a(write.o) (errno)

Allocating common symbols
Common symbol       size              file

errno               0x4               c:/program files (x86)/atollic/truestudio for stm32 9.3.0/armtools/bin/../lib/gcc/arm-atollic-eabi/6.3.1/../../../../arm-atollic-eabi/lib/armv7-m\libnosys.a(errno.o)
cnt                 0x1               src\main.o

Discarded input sections

 .text          0x00000000        0x0 c:/program files (x86)/atollic/truestudio for stm32 9.3.0/armtools/bin/../lib/gcc/arm-atollic-eabi/6.3.1/armv7-m/crti.o
 .data          0x00000000        0x0 c:/program files (x86)/atollic/truestudio for stm32 9.3.0/armtools/bin/../lib/gcc/arm-atollic-eabi/6.3.1/armv7-m/crti.o
 .bss           0x00000000        0x0 c:/program files (x86)/atollic/truestudio for stm32 9.3.0/armtools/bin/../lib/gcc/arm-atollic-eabi/6.3.1/armv7-m/crti.o
 .data          0x00000000        0x4 c:/program files (x86)/atollic/truestudio for stm32 9.3.0/armtools/bin/../lib/gcc/arm-atollic-eabi/6.3.1/armv7-m/crtbegin.o
 .text          0x00000000        0x0 src\LCD\lcd.o
 .data          0x00000000        0x0 src\LCD\lcd.o
 .bss           0x00000000        0x0 src\LCD\lcd.o
 .text.LcdPrintDot
                0x00000000       0xb8 src\LCD\lcd.o
 .text          0x00000000        0x0 src\main.o
 .data          0x00000000        0x0 src\main.o
 .bss           0x00000000        0x0 src\main.o
 .text          0x00000000       0x14 src\startup_stm32l152xb.o
 .data          0x00000000        0x0 src\startup_stm32l152xb.o
 .bss           0x00000000        0x0 src\startup_stm32l152xb.o
 .text          0x00000000        0x0 src\system_stm32l1xx.o
 .data          0x00000000        0x0 src\system_stm32l1xx.o
 .bss           0x00000000        0x0 src\system_stm32l1xx.o
 .data.SystemCoreClock
                0x00000000        0x4 src\system_stm32l1xx.o
 .rodata.PLLMulTable
                0x00000000        0x9 src\system_stm32l1xx.o
 .rodata.AHBPrescTable
                0x00000000       0x10 src\system_stm32l1xx.o
 .rodata.APBPrescTable
                0x00000000        0x8 src\system_stm32l1xx.o
 .text.SystemCoreClockUpdate
                0x00000000      0x150 src\system_stm32l1xx.o
 .text          0x00000000        0x0 src\tiny_printf.o
 .data          0x00000000        0x0 src\tiny_printf.o
 .bss           0x00000000        0x0 src\tiny_printf.o
 .text.ts_itoa  0x00000000       0x90 src\tiny_printf.o
 .text.ts_formatstring
                0x00000000      0x12e src\tiny_printf.o
 .text.ts_formatlength
                0x00000000      0x12c src\tiny_printf.o
 .text.siprintf
                0x00000000       0x2c src\tiny_printf.o
 .text.fiprintf
                0x00000000       0x9a src\tiny_printf.o
 .text.iprintf  0x00000000       0x92 src\tiny_printf.o
 .rodata        0x00000000        0x2 src\tiny_printf.o
 .text.fputs    0x00000000       0x68 src\tiny_printf.o
 .text.puts     0x00000000       0x58 src\tiny_printf.o
 .text.fwrite   0x00000000       0x38 src\tiny_printf.o
 .debug_info    0x00000000      0xc78 src\tiny_printf.o
 .debug_abbrev  0x00000000      0x262 src\tiny_printf.o
 .debug_aranges
                0x00000000       0x60 src\tiny_printf.o
 .debug_ranges  0x00000000       0x50 src\tiny_printf.o
 .debug_line    0x00000000      0x2bf src\tiny_printf.o
 .debug_str     0x00000000      0x652 src\tiny_printf.o
 .comment       0x00000000       0x7d src\tiny_printf.o
 .debug_frame   0x00000000      0x1bc src\tiny_printf.o
 .ARM.attributes
                0x00000000       0x33 src\tiny_printf.o
 .text          0x00000000        0x0 c:/program files (x86)/atollic/truestudio for stm32 9.3.0/armtools/bin/../lib/gcc/arm-atollic-eabi/6.3.1/../../../../arm-atollic-eabi/lib/armv7-m\libc_nano.a(lib_a-init.o)
 .data          0x00000000        0x0 c:/program files (x86)/atollic/truestudio for stm32 9.3.0/armtools/bin/../lib/gcc/arm-atollic-eabi/6.3.1/../../../../arm-atollic-eabi/lib/armv7-m\libc_nano.a(lib_a-init.o)
 .bss           0x00000000        0x0 c:/program files (x86)/atollic/truestudio for stm32 9.3.0/armtools/bin/../lib/gcc/arm-atollic-eabi/6.3.1/../../../../arm-atollic-eabi/lib/armv7-m\libc_nano.a(lib_a-init.o)
 .text          0x00000000       0x10 c:/program files (x86)/atollic/truestudio for stm32 9.3.0/armtools/bin/../lib/gcc/arm-atollic-eabi/6.3.1/../../../../arm-atollic-eabi/lib/armv7-m\libc_nano.a(lib_a-strlen.o)
 .data          0x00000000        0x0 c:/program files (x86)/atollic/truestudio for stm32 9.3.0/armtools/bin/../lib/gcc/arm-atollic-eabi/6.3.1/../../../../arm-atollic-eabi/lib/armv7-m\libc_nano.a(lib_a-strlen.o)
 .bss           0x00000000        0x0 c:/program files (x86)/atollic/truestudio for stm32 9.3.0/armtools/bin/../lib/gcc/arm-atollic-eabi/6.3.1/../../../../arm-atollic-eabi/lib/armv7-m\libc_nano.a(lib_a-strlen.o)
 .ARM.attributes
                0x00000000       0x17 c:/program files (x86)/atollic/truestudio for stm32 9.3.0/armtools/bin/../lib/gcc/arm-atollic-eabi/6.3.1/../../../../arm-atollic-eabi/lib/armv7-m\libc_nano.a(lib_a-strlen.o)
 .text          0x00000000        0x0 c:/program files (x86)/atollic/truestudio for stm32 9.3.0/armtools/bin/../lib/gcc/arm-atollic-eabi/6.3.1/../../../../arm-atollic-eabi/lib/armv7-m\libnosys.a(write.o)
 .data          0x00000000        0x0 c:/program files (x86)/atollic/truestudio for stm32 9.3.0/armtools/bin/../lib/gcc/arm-atollic-eabi/6.3.1/../../../../arm-atollic-eabi/lib/armv7-m\libnosys.a(write.o)
 .bss           0x00000000        0x0 c:/program files (x86)/atollic/truestudio for stm32 9.3.0/armtools/bin/../lib/gcc/arm-atollic-eabi/6.3.1/../../../../arm-atollic-eabi/lib/armv7-m\libnosys.a(write.o)
 .stab          0x00000000       0x24 c:/program files (x86)/atollic/truestudio for stm32 9.3.0/armtools/bin/../lib/gcc/arm-atollic-eabi/6.3.1/../../../../arm-atollic-eabi/lib/armv7-m\libnosys.a(write.o)
 .text._write   0x00000000       0x10 c:/program files (x86)/atollic/truestudio for stm32 9.3.0/armtools/bin/../lib/gcc/arm-atollic-eabi/6.3.1/../../../../arm-atollic-eabi/lib/armv7-m\libnosys.a(write.o)
 .debug_frame   0x00000000       0x20 c:/program files (x86)/atollic/truestudio for stm32 9.3.0/armtools/bin/../lib/gcc/arm-atollic-eabi/6.3.1/../../../../arm-atollic-eabi/lib/armv7-m\libnosys.a(write.o)
 .ARM.attributes
                0x00000000       0x2d c:/program files (x86)/atollic/truestudio for stm32 9.3.0/armtools/bin/../lib/gcc/arm-atollic-eabi/6.3.1/../../../../arm-atollic-eabi/lib/armv7-m\libnosys.a(write.o)
 .text          0x00000000        0x0 c:/program files (x86)/atollic/truestudio for stm32 9.3.0/armtools/bin/../lib/gcc/arm-atollic-eabi/6.3.1/../../../../arm-atollic-eabi/lib/armv7-m\libnosys.a(errno.o)
 .data          0x00000000        0x0 c:/program files (x86)/atollic/truestudio for stm32 9.3.0/armtools/bin/../lib/gcc/arm-atollic-eabi/6.3.1/../../../../arm-atollic-eabi/lib/armv7-m\libnosys.a(errno.o)
 .bss           0x00000000        0x0 c:/program files (x86)/atollic/truestudio for stm32 9.3.0/armtools/bin/../lib/gcc/arm-atollic-eabi/6.3.1/../../../../arm-atollic-eabi/lib/armv7-m\libnosys.a(errno.o)
 .ARM.attributes
                0x00000000       0x2d c:/program files (x86)/atollic/truestudio for stm32 9.3.0/armtools/bin/../lib/gcc/arm-atollic-eabi/6.3.1/../../../../arm-atollic-eabi/lib/armv7-m\libnosys.a(errno.o)
 COMMON         0x00000000        0x4 c:/program files (x86)/atollic/truestudio for stm32 9.3.0/armtools/bin/../lib/gcc/arm-atollic-eabi/6.3.1/../../../../arm-atollic-eabi/lib/armv7-m\libnosys.a(errno.o)
 .text          0x00000000        0x0 c:/program files (x86)/atollic/truestudio for stm32 9.3.0/armtools/bin/../lib/gcc/arm-atollic-eabi/6.3.1/armv7-m/crtend.o
 .data          0x00000000        0x0 c:/program files (x86)/atollic/truestudio for stm32 9.3.0/armtools/bin/../lib/gcc/arm-atollic-eabi/6.3.1/armv7-m/crtend.o
 .bss           0x00000000        0x0 c:/program files (x86)/atollic/truestudio for stm32 9.3.0/armtools/bin/../lib/gcc/arm-atollic-eabi/6.3.1/armv7-m/crtend.o
 .eh_frame      0x00000000        0x4 c:/program files (x86)/atollic/truestudio for stm32 9.3.0/armtools/bin/../lib/gcc/arm-atollic-eabi/6.3.1/armv7-m/crtend.o
 .ARM.attributes
                0x00000000       0x2d c:/program files (x86)/atollic/truestudio for stm32 9.3.0/armtools/bin/../lib/gcc/arm-atollic-eabi/6.3.1/armv7-m/crtend.o
 .text          0x00000000        0x0 c:/program files (x86)/atollic/truestudio for stm32 9.3.0/armtools/bin/../lib/gcc/arm-atollic-eabi/6.3.1/armv7-m/crtn.o
 .data          0x00000000        0x0 c:/program files (x86)/atollic/truestudio for stm32 9.3.0/armtools/bin/../lib/gcc/arm-atollic-eabi/6.3.1/armv7-m/crtn.o
 .bss           0x00000000        0x0 c:/program files (x86)/atollic/truestudio for stm32 9.3.0/armtools/bin/../lib/gcc/arm-atollic-eabi/6.3.1/armv7-m/crtn.o

Memory Configuration

Name             Origin             Length             Attributes
FLASH            0x08000000         0x00010000         xr
RAM              0x20000000         0x00002800         xrw
MEMORY_B1        0x60000000         0x00000000         xr
*default*        0x00000000         0xffffffff

Linker script and memory map

LOAD c:/program files (x86)/atollic/truestudio for stm32 9.3.0/armtools/bin/../lib/gcc/arm-atollic-eabi/6.3.1/armv7-m/crti.o
LOAD c:/program files (x86)/atollic/truestudio for stm32 9.3.0/armtools/bin/../lib/gcc/arm-atollic-eabi/6.3.1/armv7-m/crtbegin.o
LOAD src\LCD\lcd.o
LOAD src\main.o
LOAD src\startup_stm32l152xb.o
LOAD src\system_stm32l1xx.o
LOAD src\tiny_printf.o
                0x00000080                malloc_getpagesize_P = 0x80
START GROUP
LOAD c:/program files (x86)/atollic/truestudio for stm32 9.3.0/armtools/bin/../lib/gcc/arm-atollic-eabi/6.3.1/../../../../arm-atollic-eabi/lib/armv7-m\libc_nano.a
LOAD c:/program files (x86)/atollic/truestudio for stm32 9.3.0/armtools/bin/../lib/gcc/arm-atollic-eabi/6.3.1/../../../../arm-atollic-eabi/lib/armv7-m\libm.a
END GROUP
START GROUP
LOAD c:/program files (x86)/atollic/truestudio for stm32 9.3.0/armtools/bin/../lib/gcc/arm-atollic-eabi/6.3.1/armv7-m\libgcc.a
LOAD c:/program files (x86)/atollic/truestudio for stm32 9.3.0/armtools/bin/../lib/gcc/arm-atollic-eabi/6.3.1/../../../../arm-atollic-eabi/lib/armv7-m\libc_nano.a
END GROUP
START GROUP
LOAD c:/program files (x86)/atollic/truestudio for stm32 9.3.0/armtools/bin/../lib/gcc/arm-atollic-eabi/6.3.1/armv7-m\libgcc.a
LOAD c:/program files (x86)/atollic/truestudio for stm32 9.3.0/armtools/bin/../lib/gcc/arm-atollic-eabi/6.3.1/../../../../arm-atollic-eabi/lib/armv7-m\libc_nano.a
LOAD c:/program files (x86)/atollic/truestudio for stm32 9.3.0/armtools/bin/../lib/gcc/arm-atollic-eabi/6.3.1/../../../../arm-atollic-eabi/lib/armv7-m\libnosys.a
END GROUP
START GROUP
LOAD c:/program files (x86)/atollic/truestudio for stm32 9.3.0/armtools/bin/../lib/gcc/arm-atollic-eabi/6.3.1/armv7-m\libgcc.a
LOAD c:/program files (x86)/atollic/truestudio for stm32 9.3.0/armtools/bin/../lib/gcc/arm-atollic-eabi/6.3.1/../../../../arm-atollic-eabi/lib/armv7-m\libc_nano.a
LOAD c:/program files (x86)/atollic/truestudio for stm32 9.3.0/armtools/bin/../lib/gcc/arm-atollic-eabi/6.3.1/../../../../arm-atollic-eabi/lib/armv7-m\libnosys.a
END GROUP
LOAD c:/program files (x86)/atollic/truestudio for stm32 9.3.0/armtools/bin/../lib/gcc/arm-atollic-eabi/6.3.1/armv7-m/crtend.o
LOAD c:/program files (x86)/atollic/truestudio for stm32 9.3.0/armtools/bin/../lib/gcc/arm-atollic-eabi/6.3.1/armv7-m/crtn.o
                0x20002800                _estack = 0x20002800
                0x00000000                _Min_Heap_Size = 0x0
                0x00000080                _Min_Stack_Size = 0x80

.isr_vector     0x08000000      0x13c
                0x08000000                . = ALIGN (0x4)
 *(.isr_vector)
 .isr_vector    0x08000000      0x13c src\startup_stm32l152xb.o
                0x08000000                g_pfnVectors
                0x0800013c                . = ALIGN (0x4)

.text           0x0800013c      0x8d4
                0x0800013c                . = ALIGN (0x4)
 *(.text)
 .text          0x0800013c       0x40 c:/program files (x86)/atollic/truestudio for stm32 9.3.0/armtools/bin/../lib/gcc/arm-atollic-eabi/6.3.1/armv7-m/crtbegin.o
 *(.text*)
 .text.LcdPrintChar
                0x0800017c      0x110 src\LCD\lcd.o
                0x0800017c                LcdPrintChar
 .text.LcdPrintString
                0x0800028c       0x54 src\LCD\lcd.o
                0x0800028c                LcdPrintString
 .text.LcdPrintBar
                0x080002e0       0xb4 src\LCD\lcd.o
                0x080002e0                LcdPrintBar
 .text.LcdUpdate
                0x08000394       0x28 src\LCD\lcd.o
                0x08000394                LcdUpdate
 .text.LcdIoInit
                0x080003bc       0xfc src\LCD\lcd.o
                0x080003bc                LcdIoInit
 .text.NVIC_EnableIRQ
                0x080004b8       0x30 src\main.o
 .text.LoopDelay
                0x080004e8       0x20 src\main.o
                0x080004e8                LoopDelay
 .text.main     0x08000508      0x2dc src\main.o
                0x08000508                main
 .text.TIM3_IRQHandler
                0x080007e4       0xa0 src\main.o
                0x080007e4                TIM3_IRQHandler
 .text.EXTI0_IRQHandler
                0x08000884       0x24 src\main.o
                0x08000884                EXTI0_IRQHandler
 .text.TIM2_IRQHandler
                0x080008a8       0x54 src\main.o
                0x080008a8                TIM2_IRQHandler
 .text.Reset_Handler
                0x080008fc       0x48 src\startup_stm32l152xb.o
                0x080008fc                Reset_Handler
 .text.Default_Handler
                0x08000944        0x2 src\startup_stm32l152xb.o
                0x08000944                RTC_Alarm_IRQHandler
                0x08000944                EXTI2_IRQHandler
                0x08000944                DebugMon_Handler
                0x08000944                HardFault_Handler
                0x08000944                TIM10_IRQHandler
                0x08000944                USB_HP_IRQHandler
                0x08000944                TIM6_IRQHandler
                0x08000944                SysTick_Handler
                0x08000944                PVD_IRQHandler
                0x08000944                PendSV_Handler
                0x08000944                NMI_Handler
                0x08000944                EXTI3_IRQHandler
                0x08000944                I2C2_EV_IRQHandler
                0x08000944                UsageFault_Handler
                0x08000944                SPI1_IRQHandler
                0x08000944                USB_FS_WKUP_IRQHandler
                0x08000944                DMA1_Channel4_IRQHandler
                0x08000944                ADC1_IRQHandler
                0x08000944                USART3_IRQHandler
                0x08000944                DMA1_Channel7_IRQHandler
                0x08000944                LCD_IRQHandler
                0x08000944                TIM4_IRQHandler
                0x08000944                I2C1_EV_IRQHandler
                0x08000944                DMA1_Channel6_IRQHandler
                0x08000944                RCC_IRQHandler
                0x08000944                DMA1_Channel1_IRQHandler
                0x08000944                Default_Handler
                0x08000944                EXTI15_10_IRQHandler
                0x08000944                TIM7_IRQHandler
                0x08000944                EXTI9_5_IRQHandler
                0x08000944                TIM9_IRQHandler
                0x08000944                TAMPER_STAMP_IRQHandler
                0x08000944                RTC_WKUP_IRQHandler
                0x08000944                SPI2_IRQHandler
                0x08000944                MemManage_Handler
                0x08000944                SVC_Handler
                0x08000944                DMA1_Channel5_IRQHandler
                0x08000944                USB_LP_IRQHandler
                0x08000944                EXTI4_IRQHandler
                0x08000944                DMA1_Channel3_IRQHandler
                0x08000944                COMP_IRQHandler
                0x08000944                WWDG_IRQHandler
                0x08000944                DAC_IRQHandler
                0x08000944                EXTI1_IRQHandler
                0x08000944                TIM11_IRQHandler
                0x08000944                USART2_IRQHandler
                0x08000944                I2C2_ER_IRQHandler
                0x08000944                DMA1_Channel2_IRQHandler
                0x08000944                FLASH_IRQHandler
                0x08000944                BusFault_Handler
                0x08000944                USART1_IRQHandler
                0x08000944                I2C1_ER_IRQHandler
 *fill*         0x08000946        0x2 
 .text.SystemInit
                0x08000948       0x68 src\system_stm32l1xx.o
                0x08000948                SystemInit
 .text.__libc_init_array
                0x080009b0       0x48 c:/program files (x86)/atollic/truestudio for stm32 9.3.0/armtools/bin/../lib/gcc/arm-atollic-eabi/6.3.1/../../../../arm-atollic-eabi/lib/armv7-m\libc_nano.a(lib_a-init.o)
                0x080009b0                __libc_init_array
 *(.glue_7)
 .glue_7        0x080009f8        0x0 linker stubs
 *(.glue_7t)
 .glue_7t       0x080009f8        0x0 linker stubs
 *(.eh_frame)
 .eh_frame      0x080009f8        0x0 c:/program files (x86)/atollic/truestudio for stm32 9.3.0/armtools/bin/../lib/gcc/arm-atollic-eabi/6.3.1/armv7-m/crtbegin.o
 *(.init)
 .init          0x080009f8        0x4 c:/program files (x86)/atollic/truestudio for stm32 9.3.0/armtools/bin/../lib/gcc/arm-atollic-eabi/6.3.1/armv7-m/crti.o
                0x080009f8                _init
 .init          0x080009fc        0x8 c:/program files (x86)/atollic/truestudio for stm32 9.3.0/armtools/bin/../lib/gcc/arm-atollic-eabi/6.3.1/armv7-m/crtn.o
 *(.fini)
 .fini          0x08000a04        0x4 c:/program files (x86)/atollic/truestudio for stm32 9.3.0/armtools/bin/../lib/gcc/arm-atollic-eabi/6.3.1/armv7-m/crti.o
                0x08000a04                _fini
 .fini          0x08000a08        0x8 c:/program files (x86)/atollic/truestudio for stm32 9.3.0/armtools/bin/../lib/gcc/arm-atollic-eabi/6.3.1/armv7-m/crtn.o
                0x08000a10                . = ALIGN (0x4)
                0x08000a10                _etext = .

.vfp11_veneer   0x08000a10        0x0
 .vfp11_veneer  0x08000a10        0x0 linker stubs

.v4_bx          0x08000a10        0x0
 .v4_bx         0x08000a10        0x0 linker stubs

.iplt           0x08000a10        0x0
 .iplt          0x08000a10        0x0 c:/program files (x86)/atollic/truestudio for stm32 9.3.0/armtools/bin/../lib/gcc/arm-atollic-eabi/6.3.1/armv7-m/crtbegin.o

.rodata         0x08000a10      0x118
                0x08000a10                . = ALIGN (0x4)
 *(.rodata)
 .rodata        0x08000a10        0xf src\main.o
 *(.rodata*)
 *fill*         0x08000a1f        0x1 
 .rodata.lcdSeg
                0x08000a20       0xc0 src\LCD\lcd.o
                0x08000a20                lcdSeg
 .rodata.lcdAlphaTab
                0x08000ae0       0x34 src\LCD\lcd.o
                0x08000ae0                lcdAlphaTab
 .rodata.lcdDigitTab
                0x08000b14       0x14 src\LCD\lcd.o
                0x08000b14                lcdDigitTab
                0x08000b28                . = ALIGN (0x4)

.rel.dyn        0x08000b28        0x0
 .rel.iplt      0x08000b28        0x0 c:/program files (x86)/atollic/truestudio for stm32 9.3.0/armtools/bin/../lib/gcc/arm-atollic-eabi/6.3.1/armv7-m/crtbegin.o

.ARM.extab
 *(.ARM.extab* .gnu.linkonce.armextab.*)

.ARM            0x08000b28        0x0
                0x08000b28                __exidx_start = .
 *(.ARM.exidx*)
                0x08000b28                __exidx_end = .

.preinit_array  0x08000b28        0x0
                0x08000b28                PROVIDE (__preinit_array_start, .)
 *(.preinit_array*)
                0x08000b28                PROVIDE (__preinit_array_end, .)

.init_array     0x08000b28        0x4
                0x08000b28                PROVIDE (__init_array_start, .)
 *(SORT(.init_array.*))
 *(.init_array*)
 .init_array    0x08000b28        0x4 c:/program files (x86)/atollic/truestudio for stm32 9.3.0/armtools/bin/../lib/gcc/arm-atollic-eabi/6.3.1/armv7-m/crtbegin.o
                0x08000b2c                PROVIDE (__init_array_end, .)

.fini_array     0x08000b2c        0x4
                [!provide]                PROVIDE (__fini_array_start, .)
 *(SORT(.fini_array.*))
 *(.fini_array*)
 .fini_array    0x08000b2c        0x4 c:/program files (x86)/atollic/truestudio for stm32 9.3.0/armtools/bin/../lib/gcc/arm-atollic-eabi/6.3.1/armv7-m/crtbegin.o
                [!provide]                PROVIDE (__fini_array_end, .)
                0x08000b30                _sidata = LOADADDR (.data)

.data           0x20000000        0x4 load address 0x08000b30
                0x20000000                . = ALIGN (0x4)
                0x20000000                _sdata = .
 *(.data)
 *(.data*)
 .data.i        0x20000000        0x1 src\main.o
                0x20000000                i
 .data.up       0x20000001        0x1 src\main.o
                0x20000001                up
                0x20000004                . = ALIGN (0x4)
 *fill*         0x20000002        0x2 
                0x20000004                _edata = .

.igot.plt       0x20000004        0x0 load address 0x08000b34
 .igot.plt      0x20000004        0x0 c:/program files (x86)/atollic/truestudio for stm32 9.3.0/armtools/bin/../lib/gcc/arm-atollic-eabi/6.3.1/armv7-m/crtbegin.o
                0x20000004                . = ALIGN (0x4)

.bss            0x20000004       0x20 load address 0x08000b34
                0x20000004                _sbss = .
                0x20000004                __bss_start__ = _sbss
 *(.bss)
 .bss           0x20000004       0x1c c:/program files (x86)/atollic/truestudio for stm32 9.3.0/armtools/bin/../lib/gcc/arm-atollic-eabi/6.3.1/armv7-m/crtbegin.o
 *(.bss*)
 .bss.c         0x20000020        0x1 src\main.o
                0x20000020                c
 *(COMMON)
 COMMON         0x20000021        0x1 src\main.o
                0x20000021                cnt
                0x20000024                . = ALIGN (0x4)
 *fill*         0x20000022        0x2 
                0x20000024                _ebss = .
                0x20000024                __bss_end__ = _ebss

._user_heap_stack
                0x20000024       0x80 load address 0x08000b34
                0x20000024                . = ALIGN (0x4)
                [!provide]                PROVIDE (end, .)
                [!provide]                PROVIDE (_end, .)
                0x20000024                . = (. + _Min_Heap_Size)
                0x200000a4                . = (. + _Min_Stack_Size)
 *fill*         0x20000024       0x80 
                0x200000a4                . = ALIGN (0x4)

.memory_b1_text
 *(.mb1text)
 *(.mb1text*)
 *(.mb1rodata)
 *(.mb1rodata*)

/DISCARD/
 libc.a(*)
 libm.a(*)
 libgcc.a(*)

.ARM.attributes
                0x00000000       0x29
 *(.ARM.attributes)
 .ARM.attributes
                0x00000000       0x1d c:/program files (x86)/atollic/truestudio for stm32 9.3.0/armtools/bin/../lib/gcc/arm-atollic-eabi/6.3.1/armv7-m/crti.o
 .ARM.attributes
                0x0000001d       0x2d c:/program files (x86)/atollic/truestudio for stm32 9.3.0/armtools/bin/../lib/gcc/arm-atollic-eabi/6.3.1/armv7-m/crtbegin.o
 .ARM.attributes
                0x0000004a       0x33 src\LCD\lcd.o
 .ARM.attributes
                0x0000007d       0x33 src\main.o
 .ARM.attributes
                0x000000b0       0x21 src\startup_stm32l152xb.o
 .ARM.attributes
                0x000000d1       0x33 src\system_stm32l1xx.o
 .ARM.attributes
                0x00000104       0x2d c:/program files (x86)/atollic/truestudio for stm32 9.3.0/armtools/bin/../lib/gcc/arm-atollic-eabi/6.3.1/../../../../arm-atollic-eabi/lib/armv7-m\libc_nano.a(lib_a-init.o)
 .ARM.attributes
                0x00000131       0x1d c:/program files (x86)/atollic/truestudio for stm32 9.3.0/armtools/bin/../lib/gcc/arm-atollic-eabi/6.3.1/armv7-m/crtn.o
OUTPUT(TEST_LCD.elf elf32-littlearm)

.debug_info     0x00000000     0x1a87
 .debug_info    0x00000000      0x48d src\LCD\lcd.o
 .debug_info    0x0000048d     0x114b src\main.o
 .debug_info    0x000015d8       0x64 src\startup_stm32l152xb.o
 .debug_info    0x0000163c      0x44b src\system_stm32l1xx.o

.debug_abbrev   0x00000000      0x529
 .debug_abbrev  0x00000000      0x19e src\LCD\lcd.o
 .debug_abbrev  0x0000019e      0x26b src\main.o
 .debug_abbrev  0x00000409       0x12 src\startup_stm32l152xb.o
 .debug_abbrev  0x0000041b      0x10e src\system_stm32l1xx.o

.debug_aranges  0x00000000       0xe0
 .debug_aranges
                0x00000000       0x48 src\LCD\lcd.o
 .debug_aranges
                0x00000048       0x48 src\main.o
 .debug_aranges
                0x00000090       0x28 src\startup_stm32l152xb.o
 .debug_aranges
                0x000000b8       0x28 src\system_stm32l1xx.o

.debug_ranges   0x00000000       0xa8
 .debug_ranges  0x00000000       0x38 src\LCD\lcd.o
 .debug_ranges  0x00000038       0x38 src\main.o
 .debug_ranges  0x00000070       0x20 src\startup_stm32l152xb.o
 .debug_ranges  0x00000090       0x18 src\system_stm32l1xx.o

.debug_line     0x00000000      0x8b9
 .debug_line    0x00000000      0x29e src\LCD\lcd.o
 .debug_line    0x0000029e      0x3c3 src\main.o
 .debug_line    0x00000661       0x79 src\startup_stm32l152xb.o
 .debug_line    0x000006da      0x1df src\system_stm32l1xx.o

.debug_str      0x00000000      0xbba
 .debug_str     0x00000000      0x28b src\LCD\lcd.o
                                0x2fa (size before relaxing)
 .debug_str     0x0000028b      0x87f src\main.o
                                0xb20 (size before relaxing)
 .debug_str     0x00000b0a       0xb0 src\system_stm32l1xx.o
                                0x2f0 (size before relaxing)

.comment        0x00000000       0x7c
 .comment       0x00000000       0x7c src\LCD\lcd.o
                                 0x7d (size before relaxing)
 .comment       0x0000007c       0x7d src\main.o
 .comment       0x0000007c       0x7d src\system_stm32l1xx.o

.debug_frame    0x00000000      0x244
 .debug_frame   0x00000000       0xec src\LCD\lcd.o
 .debug_frame   0x000000ec       0xd4 src\main.o
 .debug_frame   0x000001c0       0x58 src\system_stm32l1xx.o
 .debug_frame   0x00000218       0x2c c:/program files (x86)/atollic/truestudio for stm32 9.3.0/armtools/bin/../lib/gcc/arm-atollic-eabi/6.3.1/../../../../arm-atollic-eabi/lib/armv7-m\libc_nano.a(lib_a-init.o)

.stabstr        0x00000000       0x3f
 .stabstr       0x00000000       0x3f c:/program files (x86)/atollic/truestudio for stm32 9.3.0/armtools/bin/../lib/gcc/arm-atollic-eabi/6.3.1/../../../../arm-atollic-eabi/lib/armv7-m\libnosys.a(write.o)

Cross Reference Table

Symbol                                            File
ADC1_IRQHandler                                   src\startup_stm32l152xb.o
AHBPrescTable                                     src\system_stm32l1xx.o
APBPrescTable                                     src\system_stm32l1xx.o
BusFault_Handler                                  src\startup_stm32l152xb.o
COMP_IRQHandler                                   src\startup_stm32l152xb.o
DAC_IRQHandler                                    src\startup_stm32l152xb.o
DMA1_Channel1_IRQHandler                          src\startup_stm32l152xb.o
DMA1_Channel2_IRQHandler                          src\startup_stm32l152xb.o
DMA1_Channel3_IRQHandler                          src\startup_stm32l152xb.o
DMA1_Channel4_IRQHandler                          src\startup_stm32l152xb.o
DMA1_Channel5_IRQHandler                          src\startup_stm32l152xb.o
DMA1_Channel6_IRQHandler                          src\startup_stm32l152xb.o
DMA1_Channel7_IRQHandler                          src\startup_stm32l152xb.o
DebugMon_Handler                                  src\startup_stm32l152xb.o
Default_Handler                                   src\startup_stm32l152xb.o
EXTI0_IRQHandler                                  src\main.o
EXTI15_10_IRQHandler                              src\startup_stm32l152xb.o
EXTI1_IRQHandler                                  src\startup_stm32l152xb.o
EXTI2_IRQHandler                                  src\startup_stm32l152xb.o
EXTI3_IRQHandler                                  src\startup_stm32l152xb.o
EXTI4_IRQHandler                                  src\startup_stm32l152xb.o
EXTI9_5_IRQHandler                                src\startup_stm32l152xb.o
FLASH_IRQHandler                                  src\startup_stm32l152xb.o
HardFault_Handler                                 src\startup_stm32l152xb.o
I2C1_ER_IRQHandler                                src\startup_stm32l152xb.o
I2C1_EV_IRQHandler                                src\startup_stm32l152xb.o
I2C2_ER_IRQHandler                                src\startup_stm32l152xb.o
I2C2_EV_IRQHandler                                src\startup_stm32l152xb.o
LCD_IRQHandler                                    src\startup_stm32l152xb.o
LcdIoInit                                         src\LCD\lcd.o
                                                  src\main.o
LcdPrintBar                                       src\LCD\lcd.o
                                                  src\main.o
LcdPrintChar                                      src\LCD\lcd.o
LcdPrintDot                                       src\LCD\lcd.o
LcdPrintString                                    src\LCD\lcd.o
                                                  src\main.o
LcdUpdate                                         src\LCD\lcd.o
                                                  src\main.o
LoopDelay                                         src\main.o
MemManage_Handler                                 src\startup_stm32l152xb.o
NMI_Handler                                       src\startup_stm32l152xb.o
PLLMulTable                                       src\system_stm32l1xx.o
PVD_IRQHandler                                    src\startup_stm32l152xb.o
PendSV_Handler                                    src\startup_stm32l152xb.o
RCC_IRQHandler                                    src\startup_stm32l152xb.o
RTC_Alarm_IRQHandler                              src\startup_stm32l152xb.o
RTC_WKUP_IRQHandler                               src\startup_stm32l152xb.o
Reset_Handler                                     src\startup_stm32l152xb.o
SPI1_IRQHandler                                   src\startup_stm32l152xb.o
SPI2_IRQHandler                                   src\startup_stm32l152xb.o
SVC_Handler                                       src\startup_stm32l152xb.o
SysTick_Handler                                   src\startup_stm32l152xb.o
SystemCoreClock                                   src\system_stm32l1xx.o
SystemCoreClockUpdate                             src\system_stm32l1xx.o
SystemInit                                        src\system_stm32l1xx.o
                                                  src\startup_stm32l152xb.o
TAMPER_STAMP_IRQHandler                           src\startup_stm32l152xb.o
TIM10_IRQHandler                                  src\startup_stm32l152xb.o
TIM11_IRQHandler                                  src\startup_stm32l152xb.o
TIM2_IRQHandler                                   src\main.o
TIM3_IRQHandler                                   src\main.o
TIM4_IRQHandler                                   src\startup_stm32l152xb.o
TIM6_IRQHandler                                   src\startup_stm32l152xb.o
TIM7_IRQHandler                                   src\startup_stm32l152xb.o
TIM9_IRQHandler                                   src\startup_stm32l152xb.o
USART1_IRQHandler                                 src\startup_stm32l152xb.o
USART2_IRQHandler                                 src\startup_stm32l152xb.o
USART3_IRQHandler                                 src\startup_stm32l152xb.o
USB_FS_WKUP_IRQHandler                            src\startup_stm32l152xb.o
USB_HP_IRQHandler                                 src\startup_stm32l152xb.o
USB_LP_IRQHandler                                 src\startup_stm32l152xb.o
UsageFault_Handler                                src\startup_stm32l152xb.o
WWDG_IRQHandler                                   src\startup_stm32l152xb.o
__deregister_frame_info                           c:/program files (x86)/atollic/truestudio for stm32 9.3.0/armtools/bin/../lib/gcc/arm-atollic-eabi/6.3.1/armv7-m/crtbegin.o
__dso_handle                                      c:/program files (x86)/atollic/truestudio for stm32 9.3.0/armtools/bin/../lib/gcc/arm-atollic-eabi/6.3.1/armv7-m/crtbegin.o
__init_array_end                                  c:/program files (x86)/atollic/truestudio for stm32 9.3.0/armtools/bin/../lib/gcc/arm-atollic-eabi/6.3.1/../../../../arm-atollic-eabi/lib/armv7-m\libc_nano.a(lib_a-init.o)
__init_array_start                                c:/program files (x86)/atollic/truestudio for stm32 9.3.0/armtools/bin/../lib/gcc/arm-atollic-eabi/6.3.1/../../../../arm-atollic-eabi/lib/armv7-m\libc_nano.a(lib_a-init.o)
__libc_init_array                                 c:/program files (x86)/atollic/truestudio for stm32 9.3.0/armtools/bin/../lib/gcc/arm-atollic-eabi/6.3.1/../../../../arm-atollic-eabi/lib/armv7-m\libc_nano.a(lib_a-init.o)
                                                  src\startup_stm32l152xb.o
__preinit_array_end                               c:/program files (x86)/atollic/truestudio for stm32 9.3.0/armtools/bin/../lib/gcc/arm-atollic-eabi/6.3.1/../../../../arm-atollic-eabi/lib/armv7-m\libc_nano.a(lib_a-init.o)
__preinit_array_start                             c:/program files (x86)/atollic/truestudio for stm32 9.3.0/armtools/bin/../lib/gcc/arm-atollic-eabi/6.3.1/../../../../arm-atollic-eabi/lib/armv7-m\libc_nano.a(lib_a-init.o)
__register_frame_info                             c:/program files (x86)/atollic/truestudio for stm32 9.3.0/armtools/bin/../lib/gcc/arm-atollic-eabi/6.3.1/armv7-m/crtbegin.o
_ebss                                             src\startup_stm32l152xb.o
_edata                                            src\startup_stm32l152xb.o
_estack                                           src\startup_stm32l152xb.o
_fini                                             c:/program files (x86)/atollic/truestudio for stm32 9.3.0/armtools/bin/../lib/gcc/arm-atollic-eabi/6.3.1/armv7-m/crti.o
_init                                             c:/program files (x86)/atollic/truestudio for stm32 9.3.0/armtools/bin/../lib/gcc/arm-atollic-eabi/6.3.1/armv7-m/crti.o
                                                  c:/program files (x86)/atollic/truestudio for stm32 9.3.0/armtools/bin/../lib/gcc/arm-atollic-eabi/6.3.1/../../../../arm-atollic-eabi/lib/armv7-m\libc_nano.a(lib_a-init.o)
_sbss                                             src\startup_stm32l152xb.o
_sdata                                            src\startup_stm32l152xb.o
_sidata                                           src\startup_stm32l152xb.o
_write                                            c:/program files (x86)/atollic/truestudio for stm32 9.3.0/armtools/bin/../lib/gcc/arm-atollic-eabi/6.3.1/../../../../arm-atollic-eabi/lib/armv7-m\libnosys.a(write.o)
                                                  src\tiny_printf.o
c                                                 src\main.o
cnt                                               src\main.o
errno                                             c:/program files (x86)/atollic/truestudio for stm32 9.3.0/armtools/bin/../lib/gcc/arm-atollic-eabi/6.3.1/../../../../arm-atollic-eabi/lib/armv7-m\libnosys.a(errno.o)
                                                  c:/program files (x86)/atollic/truestudio for stm32 9.3.0/armtools/bin/../lib/gcc/arm-atollic-eabi/6.3.1/../../../../arm-atollic-eabi/lib/armv7-m\libnosys.a(write.o)
fiprintf                                          src\tiny_printf.o
fprintf                                           src\tiny_printf.o
fputs                                             src\tiny_printf.o
fwrite                                            src\tiny_printf.o
g_pfnVectors                                      src\startup_stm32l152xb.o
i                                                 src\main.o
iprintf                                           src\tiny_printf.o
lcdAlphaTab                                       src\LCD\lcd.o
lcdDigitTab                                       src\LCD\lcd.o
lcdSeg                                            src\LCD\lcd.o
main                                              src\main.o
                                                  src\startup_stm32l152xb.o
printf                                            src\tiny_printf.o
puts                                              src\tiny_printf.o
siprintf                                          src\tiny_printf.o
sprintf                                           src\tiny_printf.o
strlen                                            c:/program files (x86)/atollic/truestudio for stm32 9.3.0/armtools/bin/../lib/gcc/arm-atollic-eabi/6.3.1/../../../../arm-atollic-eabi/lib/armv7-m\libc_nano.a(lib_a-strlen.o)
                                                  src\tiny_printf.o
ts_formatlength                                   src\tiny_printf.o
ts_formatstring                                   src\tiny_printf.o
ts_itoa                                           src\tiny_printf.o
up                                                src\main.o
